{
  "Resources": {
    "eks3E955FF2": {
      "Type": "AWS::EC2::VPC",
      "Properties": {
        "CidrBlock": "10.0.0.0/16",
        "EnableDnsHostnames": true,
        "EnableDnsSupport": true,
        "InstanceTenancy": "default",
        "Tags": [
          {
            "Key": "Name",
            "Value": "aws-stepfunctions-tasks-eks-create-fargate-profile-integ/eks"
          }
        ]
      }
    },
    "eksingressSubnet1Subnet70112A70": {
      "Type": "AWS::EC2::Subnet",
      "Properties": {
        "CidrBlock": "10.0.0.0/24",
        "VpcId": {
          "Ref": "eks3E955FF2"
        },
        "AvailabilityZone": "test-region-1a",
        "MapPublicIpOnLaunch": true,
        "Tags": [
          {
            "Key": "aws-cdk:subnet-name",
            "Value": "ingress"
          },
          {
            "Key": "aws-cdk:subnet-type",
            "Value": "Public"
          },
          {
            "Key": "Name",
            "Value": "aws-stepfunctions-tasks-eks-create-fargate-profile-integ/eks/ingressSubnet1"
          }
        ]
      }
    },
    "eksingressSubnet1RouteTableE0792874": {
      "Type": "AWS::EC2::RouteTable",
      "Properties": {
        "VpcId": {
          "Ref": "eks3E955FF2"
        },
        "Tags": [
          {
            "Key": "Name",
            "Value": "aws-stepfunctions-tasks-eks-create-fargate-profile-integ/eks/ingressSubnet1"
          }
        ]
      }
    },
    "eksingressSubnet1RouteTableAssociationB93550EE": {
      "Type": "AWS::EC2::SubnetRouteTableAssociation",
      "Properties": {
        "RouteTableId": {
          "Ref": "eksingressSubnet1RouteTableE0792874"
        },
        "SubnetId": {
          "Ref": "eksingressSubnet1Subnet70112A70"
        }
      }
    },
    "eksingressSubnet1DefaultRoute2E0D36BA": {
      "Type": "AWS::EC2::Route",
      "Properties": {
        "RouteTableId": {
          "Ref": "eksingressSubnet1RouteTableE0792874"
        },
        "DestinationCidrBlock": "0.0.0.0/0",
        "GatewayId": {
          "Ref": "eksIGW024FD914"
        }
      },
      "DependsOn": [
        "eksVPCGW2DDE2123"
      ]
    },
    "eksingressSubnet1EIP3A99A5C4": {
      "Type": "AWS::EC2::EIP",
      "Properties": {
        "Domain": "vpc",
        "Tags": [
          {
            "Key": "Name",
            "Value": "aws-stepfunctions-tasks-eks-create-fargate-profile-integ/eks/ingressSubnet1"
          }
        ]
      }
    },
    "eksingressSubnet1NATGateway4AC4B8D9": {
      "Type": "AWS::EC2::NatGateway",
      "Properties": {
        "AllocationId": {
          "Fn::GetAtt": [
            "eksingressSubnet1EIP3A99A5C4",
            "AllocationId"
          ]
        },
        "SubnetId": {
          "Ref": "eksingressSubnet1Subnet70112A70"
        },
        "Tags": [
          {
            "Key": "Name",
            "Value": "aws-stepfunctions-tasks-eks-create-fargate-profile-integ/eks/ingressSubnet1"
          }
        ]
      }
    },
    "eksingressSubnet2Subnet46D28442": {
      "Type": "AWS::EC2::Subnet",
      "Properties": {
        "CidrBlock": "10.0.1.0/24",
        "VpcId": {
          "Ref": "eks3E955FF2"
        },
        "AvailabilityZone": "test-region-1b",
        "MapPublicIpOnLaunch": true,
        "Tags": [
          {
            "Key": "aws-cdk:subnet-name",
            "Value": "ingress"
          },
          {
            "Key": "aws-cdk:subnet-type",
            "Value": "Public"
          },
          {
            "Key": "Name",
            "Value": "aws-stepfunctions-tasks-eks-create-fargate-profile-integ/eks/ingressSubnet2"
          }
        ]
      }
    },
    "eksingressSubnet2RouteTableAC503435": {
      "Type": "AWS::EC2::RouteTable",
      "Properties": {
        "VpcId": {
          "Ref": "eks3E955FF2"
        },
        "Tags": [
          {
            "Key": "Name",
            "Value": "aws-stepfunctions-tasks-eks-create-fargate-profile-integ/eks/ingressSubnet2"
          }
        ]
      }
    },
    "eksingressSubnet2RouteTableAssociationBAB315E7": {
      "Type": "AWS::EC2::SubnetRouteTableAssociation",
      "Properties": {
        "RouteTableId": {
          "Ref": "eksingressSubnet2RouteTableAC503435"
        },
        "SubnetId": {
          "Ref": "eksingressSubnet2Subnet46D28442"
        }
      }
    },
    "eksingressSubnet2DefaultRoute042ACF0C": {
      "Type": "AWS::EC2::Route",
      "Properties": {
        "RouteTableId": {
          "Ref": "eksingressSubnet2RouteTableAC503435"
        },
        "DestinationCidrBlock": "0.0.0.0/0",
        "GatewayId": {
          "Ref": "eksIGW024FD914"
        }
      },
      "DependsOn": [
        "eksVPCGW2DDE2123"
      ]
    },
    "eksingressSubnet2EIP5EA59820": {
      "Type": "AWS::EC2::EIP",
      "Properties": {
        "Domain": "vpc",
        "Tags": [
          {
            "Key": "Name",
            "Value": "aws-stepfunctions-tasks-eks-create-fargate-profile-integ/eks/ingressSubnet2"
          }
        ]
      }
    },
    "eksingressSubnet2NATGateway618082D1": {
      "Type": "AWS::EC2::NatGateway",
      "Properties": {
        "AllocationId": {
          "Fn::GetAtt": [
            "eksingressSubnet2EIP5EA59820",
            "AllocationId"
          ]
        },
        "SubnetId": {
          "Ref": "eksingressSubnet2Subnet46D28442"
        },
        "Tags": [
          {
            "Key": "Name",
            "Value": "aws-stepfunctions-tasks-eks-create-fargate-profile-integ/eks/ingressSubnet2"
          }
        ]
      }
    },
    "eksingressSubnet3Subnet596ABD2D": {
      "Type": "AWS::EC2::Subnet",
      "Properties": {
        "CidrBlock": "10.0.2.0/24",
        "VpcId": {
          "Ref": "eks3E955FF2"
        },
        "AvailabilityZone": "test-region-1c",
        "MapPublicIpOnLaunch": true,
        "Tags": [
          {
            "Key": "aws-cdk:subnet-name",
            "Value": "ingress"
          },
          {
            "Key": "aws-cdk:subnet-type",
            "Value": "Public"
          },
          {
            "Key": "Name",
            "Value": "aws-stepfunctions-tasks-eks-create-fargate-profile-integ/eks/ingressSubnet3"
          }
        ]
      }
    },
    "eksingressSubnet3RouteTableABDA7444": {
      "Type": "AWS::EC2::RouteTable",
      "Properties": {
        "VpcId": {
          "Ref": "eks3E955FF2"
        },
        "Tags": [
          {
            "Key": "Name",
            "Value": "aws-stepfunctions-tasks-eks-create-fargate-profile-integ/eks/ingressSubnet3"
          }
        ]
      }
    },
    "eksingressSubnet3RouteTableAssociationA6D63F62": {
      "Type": "AWS::EC2::SubnetRouteTableAssociation",
      "Properties": {
        "RouteTableId": {
          "Ref": "eksingressSubnet3RouteTableABDA7444"
        },
        "SubnetId": {
          "Ref": "eksingressSubnet3Subnet596ABD2D"
        }
      }
    },
    "eksingressSubnet3DefaultRouteA9335336": {
      "Type": "AWS::EC2::Route",
      "Properties": {
        "RouteTableId": {
          "Ref": "eksingressSubnet3RouteTableABDA7444"
        },
        "DestinationCidrBlock": "0.0.0.0/0",
        "GatewayId": {
          "Ref": "eksIGW024FD914"
        }
      },
      "DependsOn": [
        "eksVPCGW2DDE2123"
      ]
    },
    "eksingressSubnet3EIP4610516C": {
      "Type": "AWS::EC2::EIP",
      "Properties": {
        "Domain": "vpc",
        "Tags": [
          {
            "Key": "Name",
            "Value": "aws-stepfunctions-tasks-eks-create-fargate-profile-integ/eks/ingressSubnet3"
          }
        ]
      }
    },
    "eksingressSubnet3NATGateway2B6A57A2": {
      "Type": "AWS::EC2::NatGateway",
      "Properties": {
        "AllocationId": {
          "Fn::GetAtt": [
            "eksingressSubnet3EIP4610516C",
            "AllocationId"
          ]
        },
        "SubnetId": {
          "Ref": "eksingressSubnet3Subnet596ABD2D"
        },
        "Tags": [
          {
            "Key": "Name",
            "Value": "aws-stepfunctions-tasks-eks-create-fargate-profile-integ/eks/ingressSubnet3"
          }
        ]
      }
    },
    "eksapplicationSubnet1Subnet5DCA6800": {
      "Type": "AWS::EC2::Subnet",
      "Properties": {
        "CidrBlock": "10.0.3.0/24",
        "VpcId": {
          "Ref": "eks3E955FF2"
        },
        "AvailabilityZone": "test-region-1a",
        "MapPublicIpOnLaunch": false,
        "Tags": [
          {
            "Key": "aws-cdk:subnet-name",
            "Value": "application"
          },
          {
            "Key": "aws-cdk:subnet-type",
            "Value": "Private"
          },
          {
            "Key": "Name",
            "Value": "aws-stepfunctions-tasks-eks-create-fargate-profile-integ/eks/applicationSubnet1"
          }
        ]
      }
    },
    "eksapplicationSubnet1RouteTableAB4B2263": {
      "Type": "AWS::EC2::RouteTable",
      "Properties": {
        "VpcId": {
          "Ref": "eks3E955FF2"
        },
        "Tags": [
          {
            "Key": "Name",
            "Value": "aws-stepfunctions-tasks-eks-create-fargate-profile-integ/eks/applicationSubnet1"
          }
        ]
      }
    },
    "eksapplicationSubnet1RouteTableAssociation6DB348C9": {
      "Type": "AWS::EC2::SubnetRouteTableAssociation",
      "Properties": {
        "RouteTableId": {
          "Ref": "eksapplicationSubnet1RouteTableAB4B2263"
        },
        "SubnetId": {
          "Ref": "eksapplicationSubnet1Subnet5DCA6800"
        }
      }
    },
    "eksapplicationSubnet1DefaultRouteE24F539E": {
      "Type": "AWS::EC2::Route",
      "Properties": {
        "RouteTableId": {
          "Ref": "eksapplicationSubnet1RouteTableAB4B2263"
        },
        "DestinationCidrBlock": "0.0.0.0/0",
        "NatGatewayId": {
          "Ref": "eksingressSubnet1NATGateway4AC4B8D9"
        }
      }
    },
    "eksapplicationSubnet2SubnetB08F5A35": {
      "Type": "AWS::EC2::Subnet",
      "Properties": {
        "CidrBlock": "10.0.4.0/24",
        "VpcId": {
          "Ref": "eks3E955FF2"
        },
        "AvailabilityZone": "test-region-1b",
        "MapPublicIpOnLaunch": false,
        "Tags": [
          {
            "Key": "aws-cdk:subnet-name",
            "Value": "application"
          },
          {
            "Key": "aws-cdk:subnet-type",
            "Value": "Private"
          },
          {
            "Key": "Name",
            "Value": "aws-stepfunctions-tasks-eks-create-fargate-profile-integ/eks/applicationSubnet2"
          }
        ]
      }
    },
    "eksapplicationSubnet2RouteTableD631390B": {
      "Type": "AWS::EC2::RouteTable",
      "Properties": {
        "VpcId": {
          "Ref": "eks3E955FF2"
        },
        "Tags": [
          {
            "Key": "Name",
            "Value": "aws-stepfunctions-tasks-eks-create-fargate-profile-integ/eks/applicationSubnet2"
          }
        ]
      }
    },
    "eksapplicationSubnet2RouteTableAssociation2F2627F7": {
      "Type": "AWS::EC2::SubnetRouteTableAssociation",
      "Properties": {
        "RouteTableId": {
          "Ref": "eksapplicationSubnet2RouteTableD631390B"
        },
        "SubnetId": {
          "Ref": "eksapplicationSubnet2SubnetB08F5A35"
        }
      }
    },
    "eksapplicationSubnet2DefaultRouteA722684D": {
      "Type": "AWS::EC2::Route",
      "Properties": {
        "RouteTableId": {
          "Ref": "eksapplicationSubnet2RouteTableD631390B"
        },
        "DestinationCidrBlock": "0.0.0.0/0",
        "NatGatewayId": {
          "Ref": "eksingressSubnet2NATGateway618082D1"
        }
      }
    },
    "eksapplicationSubnet3Subnet2AC55DB1": {
      "Type": "AWS::EC2::Subnet",
      "Properties": {
        "CidrBlock": "10.0.5.0/24",
        "VpcId": {
          "Ref": "eks3E955FF2"
        },
        "AvailabilityZone": "test-region-1c",
        "MapPublicIpOnLaunch": false,
        "Tags": [
          {
            "Key": "aws-cdk:subnet-name",
            "Value": "application"
          },
          {
            "Key": "aws-cdk:subnet-type",
            "Value": "Private"
          },
          {
            "Key": "Name",
            "Value": "aws-stepfunctions-tasks-eks-create-fargate-profile-integ/eks/applicationSubnet3"
          }
        ]
      }
    },
    "eksapplicationSubnet3RouteTableDFC45938": {
      "Type": "AWS::EC2::RouteTable",
      "Properties": {
        "VpcId": {
          "Ref": "eks3E955FF2"
        },
        "Tags": [
          {
            "Key": "Name",
            "Value": "aws-stepfunctions-tasks-eks-create-fargate-profile-integ/eks/applicationSubnet3"
          }
        ]
      }
    },
    "eksapplicationSubnet3RouteTableAssociation55D89979": {
      "Type": "AWS::EC2::SubnetRouteTableAssociation",
      "Properties": {
        "RouteTableId": {
          "Ref": "eksapplicationSubnet3RouteTableDFC45938"
        },
        "SubnetId": {
          "Ref": "eksapplicationSubnet3Subnet2AC55DB1"
        }
      }
    },
    "eksapplicationSubnet3DefaultRouteE8C505D8": {
      "Type": "AWS::EC2::Route",
      "Properties": {
        "RouteTableId": {
          "Ref": "eksapplicationSubnet3RouteTableDFC45938"
        },
        "DestinationCidrBlock": "0.0.0.0/0",
        "NatGatewayId": {
          "Ref": "eksingressSubnet3NATGateway2B6A57A2"
        }
      }
    },
    "eksrdsSubnet1Subnet29B4867C": {
      "Type": "AWS::EC2::Subnet",
      "Properties": {
        "CidrBlock": "10.0.6.0/28",
        "VpcId": {
          "Ref": "eks3E955FF2"
        },
        "AvailabilityZone": "test-region-1a",
        "MapPublicIpOnLaunch": false,
        "Tags": [
          {
            "Key": "aws-cdk:subnet-name",
            "Value": "rds"
          },
          {
            "Key": "aws-cdk:subnet-type",
            "Value": "Isolated"
          },
          {
            "Key": "Name",
            "Value": "aws-stepfunctions-tasks-eks-create-fargate-profile-integ/eks/rdsSubnet1"
          }
        ]
      }
    },
    "eksrdsSubnet1RouteTableD2EE12FA": {
      "Type": "AWS::EC2::RouteTable",
      "Properties": {
        "VpcId": {
          "Ref": "eks3E955FF2"
        },
        "Tags": [
          {
            "Key": "Name",
            "Value": "aws-stepfunctions-tasks-eks-create-fargate-profile-integ/eks/rdsSubnet1"
          }
        ]
      }
    },
    "eksrdsSubnet1RouteTableAssociation2E893976": {
      "Type": "AWS::EC2::SubnetRouteTableAssociation",
      "Properties": {
        "RouteTableId": {
          "Ref": "eksrdsSubnet1RouteTableD2EE12FA"
        },
        "SubnetId": {
          "Ref": "eksrdsSubnet1Subnet29B4867C"
        }
      }
    },
    "eksrdsSubnet2SubnetDE7334EE": {
      "Type": "AWS::EC2::Subnet",
      "Properties": {
        "CidrBlock": "10.0.6.16/28",
        "VpcId": {
          "Ref": "eks3E955FF2"
        },
        "AvailabilityZone": "test-region-1b",
        "MapPublicIpOnLaunch": false,
        "Tags": [
          {
            "Key": "aws-cdk:subnet-name",
            "Value": "rds"
          },
          {
            "Key": "aws-cdk:subnet-type",
            "Value": "Isolated"
          },
          {
            "Key": "Name",
            "Value": "aws-stepfunctions-tasks-eks-create-fargate-profile-integ/eks/rdsSubnet2"
          }
        ]
      }
    },
    "eksrdsSubnet2RouteTableFA2EDEE0": {
      "Type": "AWS::EC2::RouteTable",
      "Properties": {
        "VpcId": {
          "Ref": "eks3E955FF2"
        },
        "Tags": [
          {
            "Key": "Name",
            "Value": "aws-stepfunctions-tasks-eks-create-fargate-profile-integ/eks/rdsSubnet2"
          }
        ]
      }
    },
    "eksrdsSubnet2RouteTableAssociationCA334686": {
      "Type": "AWS::EC2::SubnetRouteTableAssociation",
      "Properties": {
        "RouteTableId": {
          "Ref": "eksrdsSubnet2RouteTableFA2EDEE0"
        },
        "SubnetId": {
          "Ref": "eksrdsSubnet2SubnetDE7334EE"
        }
      }
    },
    "eksrdsSubnet3Subnet7024D64B": {
      "Type": "AWS::EC2::Subnet",
      "Properties": {
        "CidrBlock": "10.0.6.32/28",
        "VpcId": {
          "Ref": "eks3E955FF2"
        },
        "AvailabilityZone": "test-region-1c",
        "MapPublicIpOnLaunch": false,
        "Tags": [
          {
            "Key": "aws-cdk:subnet-name",
            "Value": "rds"
          },
          {
            "Key": "aws-cdk:subnet-type",
            "Value": "Isolated"
          },
          {
            "Key": "Name",
            "Value": "aws-stepfunctions-tasks-eks-create-fargate-profile-integ/eks/rdsSubnet3"
          }
        ]
      }
    },
    "eksrdsSubnet3RouteTable81899C46": {
      "Type": "AWS::EC2::RouteTable",
      "Properties": {
        "VpcId": {
          "Ref": "eks3E955FF2"
        },
        "Tags": [
          {
            "Key": "Name",
            "Value": "aws-stepfunctions-tasks-eks-create-fargate-profile-integ/eks/rdsSubnet3"
          }
        ]
      }
    },
    "eksrdsSubnet3RouteTableAssociationB71A1844": {
      "Type": "AWS::EC2::SubnetRouteTableAssociation",
      "Properties": {
        "RouteTableId": {
          "Ref": "eksrdsSubnet3RouteTable81899C46"
        },
        "SubnetId": {
          "Ref": "eksrdsSubnet3Subnet7024D64B"
        }
      }
    },
    "eksIGW024FD914": {
      "Type": "AWS::EC2::InternetGateway",
      "Properties": {
        "Tags": [
          {
            "Key": "Name",
            "Value": "aws-stepfunctions-tasks-eks-create-fargate-profile-integ/eks"
          }
        ]
      }
    },
    "eksVPCGW2DDE2123": {
      "Type": "AWS::EC2::VPCGatewayAttachment",
      "Properties": {
        "VpcId": {
          "Ref": "eks3E955FF2"
        },
        "InternetGatewayId": {
          "Ref": "eksIGW024FD914"
        }
      }
    },
    "eksRole67C4FFF0": {
      "Type": "AWS::IAM::Role",
      "Properties": {
        "AssumeRolePolicyDocument": {
          "Statement": [
            {
              "Action": "sts:AssumeRole",
              "Effect": "Allow",
              "Principal": {
                "Service": "eks.amazonaws.com"
              }
            }
          ],
          "Version": "2012-10-17"
        },
        "ManagedPolicyArns": [
          {
            "Fn::Join": [
              "",
              [
                "arn:",
                {
                  "Ref": "AWS::Partition"
                },
                ":iam::aws:policy/AmazonEKSWorkerNodePolicy"
              ]
            ]
          },
          {
            "Fn::Join": [
              "",
              [
                "arn:",
                {
                  "Ref": "AWS::Partition"
                },
                ":iam::aws:policy/AmazonEC2ContainerRegistryReadOnly"
              ]
            ]
          },
          {
            "Fn::Join": [
              "",
              [
                "arn:",
                {
                  "Ref": "AWS::Partition"
                },
                ":iam::aws:policy/AmazonEKSClusterPolicy"
              ]
            ]
          },
          {
            "Fn::Join": [
              "",
              [
                "arn:",
                {
                  "Ref": "AWS::Partition"
                },
                ":iam::aws:policy/AmazonEKS_CNI_Policy"
              ]
            ]
          }
        ]
      }
    },
    "podExecutionRoleD9758133": {
      "Type": "AWS::IAM::Role",
      "Properties": {
        "AssumeRolePolicyDocument": {
          "Statement": [
            {
              "Action": "sts:AssumeRole",
              "Effect": "Allow",
              "Principal": {
                "Service": "eks-fargate-pods.amazonaws.com"
              }
            }
          ],
          "Version": "2012-10-17"
        },
        "ManagedPolicyArns": [
          {
            "Fn::Join": [
              "",
              [
                "arn:",
                {
                  "Ref": "AWS::Partition"
                },
                ":iam::aws:policy/AmazonEKSFargatePodExecutionRolePolicy"
              ]
            ]
          }
        ]
      }
    },
    "CreateaClusterControlPlaneSecurityGroupF5B7A2D0": {
      "Type": "AWS::EC2::SecurityGroup",
      "Properties": {
        "GroupDescription": "EKS Control Plane Security Group",
        "SecurityGroupEgress": [
          {
            "CidrIp": "0.0.0.0/0",
            "Description": "Allow all outbound traffic by default",
            "IpProtocol": "-1"
          }
        ],
        "VpcId": {
          "Ref": "eks3E955FF2"
        }
      }
    },
    "StateMachineRoleB840431D": {
      "Type": "AWS::IAM::Role",
      "Properties": {
        "AssumeRolePolicyDocument": {
          "Statement": [
            {
              "Action": "sts:AssumeRole",
              "Effect": "Allow",
              "Principal": {
                "Service": "states.test-region.amazonaws.com"
              }
            }
          ],
          "Version": "2012-10-17"
        }
      }
    },
    "StateMachineRoleDefaultPolicyDF1E6607": {
      "Type": "AWS::IAM::Policy",
      "Properties": {
        "PolicyDocument": {
          "Statement": [
            {
              "Action": [
                "eks:CreateCluster",
                "eks:DeleteCluster",
                "eks:DescribeCluster"
              ],
              "Effect": "Allow",
              "Resource": "*"
            },
            {
              "Action": "iam:PassRole",
              "Condition": {
                "StringEquals": {
                  "iam:PassedToService": "eks.amazonaws.com"
                }
              },
              "Effect": "Allow",
              "Resource": {
                "Fn::GetAtt": [
                  "eksRole67C4FFF0",
                  "Arn"
                ]
              }
            },
            {
              "Action": "eks:CreateFargateProfile",
              "Effect": "Allow",
              "Resource": "*"
            },
            {
              "Action": "iam:GetRole",
              "Effect": "Allow",
              "Resource": "*"
            },
            {
              "Action": "iam:PassRole",
              "Condition": {
                "StringEqualsIfExists": {
                  "iam:PassedToService": [
                    "eks.amazonaws.com"
                  ]
                }
              },
              "Effect": "Allow",
              "Resource": {
                "Fn::GetAtt": [
                  "podExecutionRoleD9758133",
                  "Arn"
                ]
              }
            }
          ],
          "Version": "2012-10-17"
        },
        "PolicyName": "StateMachineRoleDefaultPolicyDF1E6607",
        "Roles": [
          {
            "Ref": "StateMachineRoleB840431D"
          }
        ]
      }
    },
    "StateMachine2E01A3A5": {
      "Type": "AWS::StepFunctions::StateMachine",
      "Properties": {
        "RoleArn": {
          "Fn::GetAtt": [
            "StateMachineRoleB840431D",
            "Arn"
          ]
        },
        "DefinitionString": {
          "Fn::Join": [
            "",
            [
              "{\"StartAt\":\"Create a Cluster\",\"States\":{\"Create a Cluster\":{\"Next\":\"Create a Fargate Profile\",\"Type\":\"Task\",\"Resource\":\"arn:",
              {
                "Ref": "AWS::Partition"
              },
              ":states:::eks:createCluster.sync\",\"Parameters\":{\"Name\":\"myEksCluster\",\"Version\":\"1.18\",\"RoleArn\":\"",
              {
                "Fn::GetAtt": [
                  "eksRole67C4FFF0",
                  "Arn"
                ]
              },
              "\",\"ResourcesVpcConfig\":{\"SubnetIds\":[\"",
              {
                "Ref": "eksingressSubnet1Subnet70112A70"
              },
              "\",\"",
              {
                "Ref": "eksingressSubnet2Subnet46D28442"
              },
              "\",\"",
              {
                "Ref": "eksingressSubnet3Subnet596ABD2D"
              },
              "\",\"",
              {
                "Ref": "eksapplicationSubnet1Subnet5DCA6800"
              },
              "\",\"",
              {
                "Ref": "eksapplicationSubnet2SubnetB08F5A35"
              },
              "\",\"",
              {
                "Ref": "eksapplicationSubnet3Subnet2AC55DB1"
              },
              "\",\"",
              {
                "Ref": "eksrdsSubnet1Subnet29B4867C"
              },
              "\",\"",
              {
                "Ref": "eksrdsSubnet2SubnetDE7334EE"
              },
              "\",\"",
              {
                "Ref": "eksrdsSubnet3Subnet7024D64B"
              },
              "\"],\"SecurityGroupIds\":[\"",
              {
                "Fn::GetAtt": [
                  "CreateaClusterControlPlaneSecurityGroupF5B7A2D0",
                  "GroupId"
                ]
              },
              "\"],\"EndpointPublicAccess\":true,\"EndpointPrivateAccess\":false,\"PublicAccessCidrs\":[\"0.0.0.0/0\"]}}},\"Create a Fargate Profile\":{\"End\":true,\"Type\":\"Task\",\"Resource\":\"arn:",
              {
                "Ref": "AWS::Partition"
              },
              ":states:::eks:createFargateProfile\",\"Parameters\":{\"FargateProfileName\":\"fargateProfileName\",\"ClusterName\":\"myEksCluster\",\"PodExecutionRoleArn\":\"",
              {
                "Fn::GetAtt": [
                  "podExecutionRoleD9758133",
                  "Arn"
                ]
              },
              "\",\"Selectors\":[{\"Namespace\":\"default\",\"Labels\":{\"my-ExampleLabel\":\"ExampleValue\"}}]}}},\"TimeoutSeconds\":1200}"
            ]
          ]
        }
      },
      "DependsOn": [
        "StateMachineRoleDefaultPolicyDF1E6607",
        "StateMachineRoleB840431D"
      ]
    }
  },
  "Outputs": {
    "stateMachineArn": {
      "Value": {
        "Ref": "StateMachine2E01A3A5"
      }
    }
  }
}